// Jest Snapshot v1, https://goo.gl/fbAQLP

exports[`MovieRepository showMovies should return json 1`] = `
Array [
  Object {
    "_id": "5d2bb7bd06d8cc0d851ce86d",
    "duration": 100,
    "genre": Array [
      "Comedy",
      "Animation",
    ],
    "title": "Toy Story 4",
    "year": 2019,
  },
  Object {
    "_id": "5d2bb7bd06d8cc0d851ce86e",
    "duration": 181,
    "genre": Array [
      "SuperHero",
      "Action",
    ],
    "title": "Vengadores:Endgame",
    "year": 2019,
  },
  Object {
    "_id": "5d2bb7bd06d8cc0d851ce86f",
    "duration": 129,
    "genre": Array [
      "Terror",
      "Suspense",
    ],
    "title": "Glass",
    "year": 2019,
  },
]
`;
